<section class="panel">
  <header class="panel__header">
  <h2 class="panel__title">Runs</h2>
  <div class="panel__actions">
    
  </div>
</header>

  
    <ul class="panel__list">
      
        <li class="card card--collapsible">
          <details class="collapsible">
            <summary class="collapsible__summary">
              <span class="collapsible__title">Run A</span>
              <span class="status-badge status-badge--ready">ready</span>
              
                <button type="button"
                        class="button button--primary button--sm run-tick-button"
                        data-run-id="run-a"
                        data-run-display="Run A"
                        aria-label="Run tick for Run A">
                  Tick
                </button>
              
            </summary>
            <div class="collapsible__content">
              <p><strong>Run ID:</strong> run-a</p>
              <p><strong>Workflow:</strong> Alpha</p>
              
                <h3>Steps</h3>
                <ul class="data-list">
                  
                    <li>
                      <span>first</span>
                      <span class="status-badge status-badge--pending">pending</span>
                    </li>
                  
                </ul>
              
            </div>
          </details>
        </li>
      
    </ul>
  
</section>
