<div id="example-modal" class="modal" aria-hidden="true">
  <div class="modal__dialog" role="dialog" aria-modal="true" aria-labelledby="example-modal-title">
    <div class="modal__header">
      <h2 id="example-modal-title" class="modal__title">Example</h2>
      <button type="button"
              class="button button--ghost button--icon modal__close"
              data-close-modal
              aria-label="Close example">
        ×
      </button>
    </div>
    <div class="modal__body">
      <p>Body</p>
    </div>
  </div>
</div>
