<!doctype html>
<html lang="en">
<head>
  <meta charset="utf-8">
  <meta name="viewport" content="width=device-width, initial-scale=1">
  <title>Composer Workflow Dashboard</title>
  <link rel="stylesheet" href="/static/app.css">
</head>
<body>
  <div class="ui-shell">
    <aside class="ui-shell__sidebar">
      <div class="sidebar">
  
    <div class="sidebar__brand">Composer</div>
  
  <nav class="sidebar__nav">
    <ul class="sidebar__list">
      
        <li>
          <a
            class="sidebar__link sidebar__link--active"
            href="/"
          >Dashboard</a>
        </li>
      
    </ul>
  </nav>
</div>

    </aside>
    <main class="ui-shell__main">
      <div class="ui-shell__content">
        <h1>Workflow Dashboard</h1>
        <div class="panel-grid">
          <section class="panel">
  <header class="panel__header">
  <h2 class="panel__title">Workflows</h2>
  <div class="panel__actions">
    
  </div>
</header>


  
    <p>No workflows available.</p>
  
</section>

          <section class="panel">
  <header class="panel__header">
  <h2 class="panel__title">Runs</h2>
  <div class="panel__actions">
    
  </div>
</header>

  
    <p>No runs found.</p>
  
</section>

          <section class="panel panel--muted">
  <header class="panel__header">
  <h2 class="panel__title">Tasks</h2>
  <div class="panel__actions">
    
  </div>
</header>

  
    <p>No waiting tasks.</p>
  
</section>

        </div>
        <div id="run-modal" class="modal" aria-hidden="true">
  <div class="modal__dialog" role="dialog" aria-modal="true" aria-labelledby="run-modal-title">
    <div class="modal__header">
      <h2 id="run-modal-title" class="modal__title">Start Run</h2>
      <button type="button" class="button button--ghost button--icon modal__close" data-close-modal aria-label="Close start run form">×</button>
    </div>
    <div class="modal__body">
      <div id="run-form-error" class="alert alert--error" role="alert"></div>
      <form id="run-form">
        <div class="form__field">
          <label for="run-workflow-name">Workflow Name</label>
          <input id="run-workflow-name" name="run-workflow-name" type="text" readonly aria-readonly="true">
        </div>
        <div class="form__field">
          <label for="run-workflow-id">Workflow ID</label>
          <input id="run-workflow-id" name="run-workflow-id" type="text" readonly aria-readonly="true">
        </div>
        <div class="form__field">
          <label for="run-name">Display Name</label>
          <input id="run-name" name="run-name" type="text" placeholder="My Example Run" required>
          <p class="form__hint">Shown in the dashboard. Choose something descriptive.</p>
          <p class="form__hint">Run ID (used for CLI commands): <code id="run-id-preview">—</code></p>
        </div>
        <input id="run-id" name="run-id" type="hidden">
        <div class="form__actions">
          <button type="button" class="button button--ghost" data-close-modal>Cancel</button>
          <button type="submit" id="run-submit" class="button button--accent">Start Run</button>
        </div>
      </form>
    </div>
  </div>
</div>

        <div id="workflow-modal" class="modal" aria-hidden="true">
  <div class="modal__dialog" role="dialog" aria-modal="true" aria-labelledby="workflow-modal-title">
    <div class="modal__header">
      <h2 id="workflow-modal-title" class="modal__title">Create Workflow</h2>
      <button type="button" class="button button--ghost button--icon modal__close" data-close-modal aria-label="Close create workflow form">×</button>
    </div>
    <div class="modal__body">
      <div id="workflow-form-error" class="alert alert--error" role="alert"></div>
      <form id="workflow-form">
        <div class="form__field">
          <label for="workflow-id">Workflow ID</label>
          <input id="workflow-id" name="workflow-id" type="text" placeholder="my-workflow" required>
        </div>
        <div class="form__field">
          <label for="workflow-title">Title</label>
          <input id="workflow-title" name="workflow-title" type="text" placeholder="Human-friendly workflow title" required>
        </div>
        <div class="form__field">
          <label for="workflow-description">Description</label>
          <textarea id="workflow-description" name="workflow-description" placeholder="Explain what this workflow accomplishes"></textarea>
        </div>
        <div class="form__field">
          <label for="workflow-message">Message</label>
          <textarea id="workflow-message" name="workflow-message" placeholder="Optional run message shown to operators"></textarea>
        </div>
        <div class="form__field">
          <div class="workflow-steps__header">
            <h3>Steps</h3>
            <button type="button"
  
  class="button"
  
  >
  <svg aria-hidden="true" focusable="false" width="16" height="16" viewBox="0 0 16 16">
    <path d="M8 3v10M3 8h10" stroke="currentColor" stroke-width="2" stroke-linecap="round" />
  </svg>
  <span>Add Step</span>
</button>

          </div>
          <div id="workflow-steps"></div>
        </div>
        <div class="form__actions">
          <button type="button" class="button button--ghost" data-close-modal>Cancel</button>
          <button type="submit" id="workflow-submit" class="button button--accent">Save Workflow</button>
        </div>
      </form>
    </div>
  </div>
</div>
<template id="workflow-step-template">
  <article class="card card--form workflow-step">
    <header class="workflow-step__header">
      <h4>Step <span class="step-number"></span></h4>
      <button type="button" class="button button--text button--danger remove-step">Remove</button>
    </header>
    <div class="form__field">
      <label>Step Name</label>
      <input type="text" name="step-name" placeholder="identify-step" required>
    </div>
    <div class="form__field">
      <label>Description</label>
      <textarea name="step-description" placeholder="Optional description"></textarea>
    </div>
    <div class="form__field">
      <label>Handler</label>
      <select name="step-handler">
        <option value="tool" selected>tool</option>
        <option value="human">human</option>
      </select>
    </div>
    <div class="form__field">
      <label>Prompt</label>
      <textarea name="step-prompt" placeholder="Guidance for human or cognitive handlers"></textarea>
    </div>
    <div class="form__field">
      <label>Content</label>
      <textarea name="step-content" placeholder="Optional inline content"></textarea>
    </div>
    <div class="form__field">
      <label>Inputs (one per line or comma separated)</label>
      <textarea name="step-inputs" placeholder="input-a&#10;input-b"></textarea>
    </div>
    <div class="form__field">
      <label>Output</label>
      <input type="text" name="step-output" placeholder="result-key">
    </div>
  </article>
</template>

      </div>
    </main>
  </div>
  <script src="/static/dashboard.js" defer></script>
</body>
</html>
